[    0.000000] Linux version 4.15.0-204-generic (buildd@lcy02-amd64-030) (gcc version 7.5.0 (Ubuntu 7.5.0-3ubuntu1~18.04)) #215-Ubuntu SMP Fri Jan 20 18:24:59 UTC 2023 (Ubuntu 4.15.0-204.215-generic 4.15.18)
[    0.000000] Command line: BOOT_IMAGE=/boot/vmlinuz-4.15.0-204-generic root=LABEL=cloudimg-rootfs ro console=tty1 console=ttyS0
[    0.000000] KERNEL supported cpus:
[    0.000000]   Intel GenuineIntel
[    0.000000]   AMD AuthenticAMD
[    0.000000]   Centaur CentaurHauls
[    0.000000] x86/fpu: x87 FPU will use FXSAVE
[    0.000000] e820: BIOS-provided physical RAM map:
[    0.000000] BIOS-e820: [mem 0x0000000000000000-0x000000000009fbff] usable
[    0.000000] BIOS-e820: [mem 0x000000000009fc00-0x000000000009ffff] reserved
[    0.000000] BIOS-e820: [mem 0x00000000000f0000-0x00000000000fffff] reserved
[    0.000000] BIOS-e820: [mem 0x0000000000100000-0x000000003ffeffff] usable
[    0.000000] BIOS-e820: [mem 0x000000003fff0000-0x000000003fffffff] ACPI data
[    0.000000] BIOS-e820: [mem 0x00000000fec00000-0x00000000fec00fff] reserved
[    0.000000] BIOS-e820: [mem 0x00000000fee00000-0x00000000fee00fff] reserved
[    0.000000] BIOS-e820: [mem 0x00000000fffc0000-0x00000000ffffffff] reserved
[    0.000000] NX (Execute Disable) protection: active
[    0.000000] SMBIOS 2.5 present.
[    0.000000] DMI: innotek GmbH VirtualBox/VirtualBox, BIOS VirtualBox 12/01/2006
[    0.000000] Hypervisor detected: KVM
[    0.000000] e820: last_pfn = 0x3fff0 max_arch_pfn = 0x400000000
[    0.000000] MTRR: Disabled
[    0.000000] x86/PAT: MTRRs disabled, skipping PAT initialization too.
[    0.000000] CPU MTRRs all blank - virtualized system.
[    0.000000] x86/PAT: Configuration [0-7]: WB  WT  UC- UC  WB  WT  UC- UC  
[    0.000000] found SMP MP-table at [mem 0x0009fff0-0x0009ffff]
[    0.000000] Scanning 1 areas for low memory corruption
[    0.000000] RAMDISK: [mem 0x359cb000-0x36cdcfff]
[    0.000000] ACPI: Early table checksum verification disabled
[    0.000000] ACPI: RSDP 0x00000000000E0000 000024 (v02 VBOX  )
[    0.000000] ACPI: XSDT 0x000000003FFF0030 00003C (v01 VBOX   VBOXXSDT 00000001 ASL  00000061)
[    0.000000] ACPI: FACP 0x000000003FFF00F0 0000F4 (v04 VBOX   VBOXFACP 00000001 ASL  00000061)
[    0.000000] ACPI: DSDT 0x000000003FFF0610 002353 (v02 VBOX   VBOXBIOS 00000002 INTL 20100528)
[    0.000000] ACPI: FACS 0x000000003FFF0200 000040
[    0.000000] ACPI: FACS 0x000000003FFF0200 000040
[    0.000000] ACPI: APIC 0x000000003FFF0240 00005C (v02 VBOX   VBOXAPIC 00000001 ASL  00000061)
[    0.000000] ACPI: SSDT 0x000000003FFF02A0 00036C (v01 VBOX   VBOXCPUT 00000002 INTL 20100528)
[    0.000000] ACPI: Reserving FACP table memory at [mem 0x3fff00f0-0x3fff01e3]
[    0.000000] ACPI: Reserving DSDT table memory at [mem 0x3fff0610-0x3fff2962]
[    0.000000] ACPI: Reserving FACS table memory at [mem 0x3fff0200-0x3fff023f]
[    0.000000] ACPI: Reserving FACS table memory at [mem 0x3fff0200-0x3fff023f]
[    0.000000] ACPI: Reserving APIC table memory at [mem 0x3fff0240-0x3fff029b]
[    0.000000] ACPI: Reserving SSDT table memory at [mem 0x3fff02a0-0x3fff060b]
[    0.000000] No NUMA configuration found
[    0.000000] Faking a node at [mem 0x0000000000000000-0x000000003ffeffff]
[    0.000000] NODE_DATA(0) allocated [mem 0x3ffc5000-0x3ffeffff]
[    0.000000] kvm-clock: cpu 0, msr 0:3ff44001, primary cpu clock
[    0.000000] kvm-clock: Using msrs 4b564d01 and 4b564d00
[    0.000000] kvm-clock: using sched offset of 4543020147 cycles
[    0.000000] clocksource: kvm-clock: mask: 0xffffffffffffffff max_cycles: 0x1cd42e4dffb, max_idle_ns: 881590591483 ns
[    0.000000] Zone ranges:
[    0.000000]   DMA      [mem 0x0000000000001000-0x0000000000ffffff]
[    0.000000]   DMA32    [mem 0x0000000001000000-0x000000003ffeffff]
[    0.000000]   Normal   empty
[    0.000000]   Device   empty
[    0.000000] Movable zone start for each node
[    0.000000] Early memory node ranges
[    0.000000]   node   0: [mem 0x0000000000001000-0x000000000009efff]
[    0.000000]   node   0: [mem 0x0000000000100000-0x000000003ffeffff]
[    0.000000] Reserved but unavailable: 104 pages
[    0.000000] Initmem setup node 0 [mem 0x0000000000001000-0x000000003ffeffff]
[    0.000000] ACPI: PM-Timer IO Port: 0x4008
[    0.000000] IOAPIC[0]: apic_id 2, version 32, address 0xfec00000, GSI 0-23
[    0.000000] ACPI: INT_SRC_OVR (bus 0 bus_irq 0 global_irq 2 dfl dfl)
[    0.000000] ACPI: INT_SRC_OVR (bus 0 bus_irq 9 global_irq 9 low level)
[    0.000000] Using ACPI (MADT) for SMP configuration information
[    0.000000] smpboot: Allowing 2 CPUs, 0 hotplug CPUs
[    0.000000] PM: Registered nosave memory: [mem 0x00000000-0x00000fff]
[    0.000000] PM: Registered nosave memory: [mem 0x0009f000-0x0009ffff]
[    0.000000] PM: Registered nosave memory: [mem 0x000a0000-0x000effff]
[    0.000000] PM: Registered nosave memory: [mem 0x000f0000-0x000fffff]
[    0.000000] e820: [mem 0x40000000-0xfebfffff] available for PCI devices
[    0.000000] Booting paravirtualized kernel on KVM
[    0.000000] clocksource: refined-jiffies: mask: 0xffffffff max_cycles: 0xffffffff, max_idle_ns: 7645519600211568 ns
[    0.000000] setup_percpu: NR_CPUS:8192 nr_cpumask_bits:2 nr_cpu_ids:2 nr_node_ids:1
[    0.000000] percpu: Embedded 50 pages/cpu s167936 r8192 d28672 u1048576
[    0.000000] PV qspinlock hash table entries: 256 (order: 0, 4096 bytes)
[    0.000000] Built 1 zonelists, mobility grouping on.  Total pages: 257913
[    0.000000] Policy zone: DMA32
[    0.000000] Kernel command line: BOOT_IMAGE=/boot/vmlinuz-4.15.0-204-generic root=LABEL=cloudimg-rootfs ro console=tty1 console=ttyS0
[    0.000000] Memory: 982644K/1048120K available (12300K kernel code, 2477K rwdata, 4324K rodata, 2480K init, 2720K bss, 65476K reserved, 0K cma-reserved)
[    0.000000] SLUB: HWalign=64, Order=0-3, MinObjects=0, CPUs=2, Nodes=1
[    0.000000] Kernel/User page tables isolation: enabled
[    0.000000] ftrace: allocating 39488 entries in 155 pages
[    0.004000] Hierarchical RCU implementation.
[    0.004000] 	RCU restricting CPUs from NR_CPUS=8192 to nr_cpu_ids=2.
[    0.004000] 	Tasks RCU enabled.
[    0.004000] RCU: Adjusting geometry for rcu_fanout_leaf=16, nr_cpu_ids=2
[    0.004000] NR_IRQS: 524544, nr_irqs: 440, preallocated irqs: 16
[    0.004000] random: crng init done
[    0.004000] Console: colour VGA+ 80x25
[    0.004000] console [tty1] enabled
[    0.004000] console [ttyS0] enabled
[    0.004000] ACPI: Core revision 20170831
[    0.004000] ACPI: 2 ACPI AML tables successfully acquired and loaded
[    0.004000] APIC: Switch to symmetric I/O mode setup
[    0.004000] ..TIMER: vector=0x30 apic1=0 pin1=2 apic2=-1 pin2=-1
[    0.004000] tsc: Detected 2592.000 MHz processor
[    0.004000] Calibrating delay loop (skipped) preset value.. 5184.00 BogoMIPS (lpj=10368000)
[    0.004006] pid_max: default: 32768 minimum: 301
[    0.008130] Security Framework initialized
[    0.012004] Yama: becoming mindful.
[    0.016118] AppArmor: AppArmor initialized
[    0.029632] Dentry cache hash table entries: 131072 (order: 8, 1048576 bytes)
[    0.034365] Inode-cache hash table entries: 65536 (order: 7, 524288 bytes)
[    0.036094] Mount-cache hash table entries: 2048 (order: 2, 16384 bytes)
[    0.040081] Mountpoint-cache hash table entries: 2048 (order: 2, 16384 bytes)
[    0.049011] Last level iTLB entries: 4KB 64, 2MB 8, 4MB 8
[    0.052006] Last level dTLB entries: 4KB 64, 2MB 0, 4MB 0, 1GB 4
[    0.056005] Spectre V1 : Mitigation: usercopy/swapgs barriers and __user pointer sanitization
[    0.060005] Spectre V2 : Mitigation: Retpolines
[    0.064003] Spectre V2 : Spectre v2 / SpectreRSB mitigation: Filling RSB on context switch
[    0.068002] Spectre V2 : Spectre v2 / SpectreRSB : Filling RSB on VMEXIT
[    0.072003] RETBleed: WARNING: Spectre v2 mitigation leaves CPU vulnerable to RETBleed attacks, data leaks possible!
[    0.076005] RETBleed: Vulnerable
[    0.080003] Speculative Store Bypass: Vulnerable
[    0.084107] MDS: Mitigation: Clear CPU buffers
[    0.088002] MMIO Stale Data: Mitigation: Clear CPU buffers
[    0.092004] SRBDS: Unknown: Dependent on hypervisor status
[    0.096186] Freeing SMP alternatives memory: 36K
[    0.214466] smpboot: CPU0: Intel(R) Core(TM) i7-6500U CPU @ 2.50GHz (family: 0x6, model: 0x4e, stepping: 0x3)
[    0.216522] Performance Events: unsupported p6 CPU model 78 no PMU driver, software events only.
[    0.220125] Hierarchical SRCU implementation.
[    0.224940] NMI watchdog: Perf event create on CPU 0 failed with -2
[    0.228003] NMI watchdog: Perf NMI watchdog permanently disabled
[    0.232469] smp: Bringing up secondary CPUs ...
[    0.240971] x86: Booting SMP configuration:
[    0.244009] .... node  #0, CPUs:      #1
[    0.004000] kvm-clock: cpu 1, msr 0:3ff44041, secondary cpu clock
[    0.264000] TSC synchronization [CPU#0 -> CPU#1]:
[    0.264000] Measured 97627 cycles TSC warp between CPUs, turning off TSC clock.
[    0.264000] tsc: Marking TSC unstable due to check_tsc_sync_source failed
[    0.268448] smp: Brought up 1 node, 2 CPUs
[    0.272006] smpboot: Max logical packages: 1
[    0.276004] smpboot: Total of 2 processors activated (10368.00 BogoMIPS)
[    0.284727] devtmpfs: initialized
[    0.288130] x86/mm: Memory block size: 128MB
[    0.292497] evm: security.selinux
[    0.296003] evm: security.SMACK64
[    0.300002] evm: security.SMACK64EXEC
[    0.304003] evm: security.SMACK64TRANSMUTE
[    0.308003] evm: security.SMACK64MMAP
[    0.312002] evm: security.apparmor
[    0.316003] evm: security.ima
[    0.320003] evm: security.capability
[    0.328161] clocksource: jiffies: mask: 0xffffffff max_cycles: 0xffffffff, max_idle_ns: 7645041785100000 ns
[    0.332016] futex hash table entries: 512 (order: 3, 32768 bytes)
[    0.336293] pinctrl core: initialized pinctrl subsystem
[    0.344315] RTC time:  3:47:28, date: 02/18/23
[    0.353191] NET: Registered protocol family 16
[    0.356158] audit: initializing netlink subsys (disabled)
[    0.364177] audit: type=2000 audit(1676692053.808:1): state=initialized audit_enabled=0 res=1
[    0.376007] cpuidle: using governor ladder
[    0.380009] cpuidle: using governor menu
[    0.384089] ACPI: bus type PCI registered
[    0.388007] acpiphp: ACPI Hot Plug PCI Controller Driver version: 0.5
[    0.392772] PCI: Using configuration type 1 for base access
[    0.404196] HugeTLB registered 2.00 MiB page size, pre-allocated 0 pages
[    0.416352] ACPI: Added _OSI(Module Device)
[    0.420009] ACPI: Added _OSI(Processor Device)
[    0.424005] ACPI: Added _OSI(3.0 _SCP Extensions)
[    0.432015] ACPI: Added _OSI(Processor Aggregator Device)
[    0.440010] ACPI: Added _OSI(Linux-Dell-Video)
[    0.444214] ACPI: Added _OSI(Linux-Lenovo-NV-HDMI-Audio)
[    0.448010] ACPI: Added _OSI(Linux-HPI-Hybrid-Graphics)
[    0.456083] ACPI: Executed 1 blocks of module-level executable AML code
[    0.469970] ACPI: Interpreter enabled
[    0.472037] ACPI: (supports S0 S5)
[    0.476010] ACPI: Using IOAPIC for interrupt routing
[    0.480583] PCI: Using host bridge windows from ACPI; if necessary, use "pci=nocrs" and report a bug
[    0.488398] ACPI: Enabled 2 GPEs in block 00 to 07
[    0.510458] ACPI: PCI Root Bridge [PCI0] (domain 0000 [bus 00-ff])
[    0.512018] acpi PNP0A03:00: _OSC: OS supports [ASPM ClockPM Segments MSI]
[    0.517112] acpi PNP0A03:00: _OSC: not requesting OS control; OS requires [ExtendedConfig ASPM ClockPM MSI]
[    0.520023] acpi PNP0A03:00: fail to add MMCONFIG information, can't access extended PCI configuration space under this bridge.
[    0.525406] PCI host bridge to bus 0000:00
[    0.528009] pci_bus 0000:00: root bus resource [io  0x0000-0x0cf7 window]
[    0.532008] pci_bus 0000:00: root bus resource [io  0x0d00-0xffff window]
[    0.536006] pci_bus 0000:00: root bus resource [mem 0x000a0000-0x000bffff window]
[    0.540009] pci_bus 0000:00: root bus resource [mem 0x40000000-0xfdffffff window]
[    0.544005] pci_bus 0000:00: root bus resource [bus 00-ff]
[    0.558604] pci 0000:00:01.1: legacy IDE quirk: reg 0x10: [io  0x01f0-0x01f7]
[    0.560004] pci 0000:00:01.1: legacy IDE quirk: reg 0x14: [io  0x03f6]
[    0.564005] pci 0000:00:01.1: legacy IDE quirk: reg 0x18: [io  0x0170-0x0177]
[    0.568006] pci 0000:00:01.1: legacy IDE quirk: reg 0x1c: [io  0x0376]
[    0.604803] pci 0000:00:07.0: quirk: [io  0x4000-0x403f] claimed by PIIX4 ACPI
[    0.608054] pci 0000:00:07.0: quirk: [io  0x4100-0x410f] claimed by PIIX4 SMB
[    0.628615] ACPI: PCI Interrupt Link [LNKA] (IRQs 5 9 10 *11)
[    0.632751] ACPI: PCI Interrupt Link [LNKB] (IRQs 5 9 *10 11)
[    0.636301] ACPI: PCI Interrupt Link [LNKC] (IRQs 5 *9 10 11)
[    0.640298] ACPI: PCI Interrupt Link [LNKD] (IRQs 5 9 10 *11)
[    0.648557] SCSI subsystem initialized
[    0.656376] pci 0000:00:02.0: vgaarb: setting as boot VGA device
[    0.660000] pci 0000:00:02.0: vgaarb: VGA device added: decodes=io+mem,owns=io+mem,locks=none
[    0.660007] pci 0000:00:02.0: vgaarb: bridge control possible
[    0.664004] vgaarb: loaded
[    0.668114] ACPI: bus type USB registered
[    0.672024] usbcore: registered new interface driver usbfs
[    0.676053] usbcore: registered new interface driver hub
[    0.680014] usbcore: registered new device driver usb
[    0.684351] EDAC MC: Ver: 3.0.0
[    0.692655] PCI: Using ACPI for IRQ routing
[    0.700955] NetLabel: Initializing
[    0.704004] NetLabel:  domain hash size = 128
[    0.708003] NetLabel:  protocols = UNLABELED CIPSOv4 CALIPSO
[    0.716035] NetLabel:  unlabeled traffic allowed by default
[    0.724299] clocksource: Switched to clocksource kvm-clock
[    0.755363] VFS: Disk quotas dquot_6.6.0
[    0.755363] VFS: Dquot-cache hash table entries: 512 (order 0, 4096 bytes)
[    0.755363] AppArmor: AppArmor Filesystem Enabled
[    0.755363] pnp: PnP ACPI init
[    0.755363] pnp: PnP ACPI: found 3 devices
[    0.874256] clocksource: acpi_pm: mask: 0xffffff max_cycles: 0xffffff, max_idle_ns: 2085701024 ns
[    0.876338] NET: Registered protocol family 2
[    0.876338] IP idents hash table entries: 16384 (order: 5, 131072 bytes)
[    0.903284] TCP established hash table entries: 8192 (order: 4, 65536 bytes)
[    0.906107] TCP bind hash table entries: 8192 (order: 5, 131072 bytes)
[    0.906107] TCP: Hash tables configured (established 8192 bind 8192)
[    0.906107] UDP hash table entries: 512 (order: 2, 16384 bytes)
[    0.906107] UDP-Lite hash table entries: 512 (order: 2, 16384 bytes)
[    0.906107] NET: Registered protocol family 1
[    0.906107] pci 0000:00:00.0: Limiting direct PCI/PCI transfers
[    0.906107] pci 0000:00:01.0: Activating ISA DMA hang workarounds
[    0.906107] pci 0000:00:02.0: Video device with shadowed ROM at [mem 0x000c0000-0x000dffff]
[    0.906107] Unpacking initramfs...
[    1.634129] Freeing initrd memory: 19528K
[    1.639653] clocksource: tsc: mask: 0xffffffffffffffff max_cycles: 0x255cb6cc5db, max_idle_ns: 440795203504 ns
[    1.652636] platform rtc_cmos: registered platform RTC device (no PNP device found)
[    1.662850] Scanning for low memory corruption every 60 seconds
[    1.673738] Initialise system trusted keyrings
[    1.680484] Key type blacklist registered
[    1.687716] workingset: timestamp_bits=36 max_order=18 bucket_order=0
[    1.700151] zbud: loaded
[    1.706143] squashfs: version 4.0 (2009/01/31) Phillip Lougher
[    1.714638] fuse init (API version 7.26)
[    1.758905] Key type asymmetric registered
[    1.765797] Asymmetric key parser 'x509' registered
[    1.772841] Block layer SCSI generic (bsg) driver version 0.4 loaded (major 246)
[    1.783802] io scheduler noop registered
[    1.789086] io scheduler deadline registered
[    1.794854] io scheduler cfq registered (default)
[    1.803235] ACPI: AC Adapter [AC] (on-line)
[    1.808873] input: Power Button as /devices/LNXSYSTM:00/LNXPWRBN:00/input/input0
[    1.819282] ACPI: Power Button [PWRF]
[    1.825345] input: Sleep Button as /devices/LNXSYSTM:00/LNXSLPBN:00/input/input1
[    1.835080] ACPI: Sleep Button [SLPF]
[    1.843600] ACPI: Battery Slot [BAT0] (battery present)
[    1.851271] Serial: 8250/16550 driver, 32 ports, IRQ sharing enabled
[    1.889962] 00:02: ttyS0 at I/O 0x3f8 (irq = 4, base_baud = 115200) is a 16550A
[    1.925500] Linux agpgart interface v0.103
[    1.945288] loop: module loaded
[    1.953951] scsi host0: ata_piix
[    1.961156] scsi host1: ata_piix
[    1.966226] ata1: PATA max UDMA/33 cmd 0x1f0 ctl 0x3f6 bmdma 0xd000 irq 14
[    1.975479] ata2: PATA max UDMA/33 cmd 0x170 ctl 0x376 bmdma 0xd008 irq 15
[    1.984825] tun: Universal TUN/TAP device driver, 1.6
[    1.995263] PPP generic driver version 2.4.2
[    2.001781] ehci_hcd: USB 2.0 'Enhanced' Host Controller (EHCI) Driver
[    2.010901] ehci-pci: EHCI PCI platform driver
[    2.017187] ehci-platform: EHCI generic platform driver
[    2.024443] ohci_hcd: USB 1.1 'Open' Host Controller (OHCI) Driver
[    2.033760] ohci-pci: OHCI PCI platform driver
[    2.040126] ohci-platform: OHCI generic platform driver
[    2.047253] uhci_hcd: USB Universal Host Controller Interface driver
[    2.057123] i8042: PNP: PS/2 Controller [PNP0303:PS2K,PNP0f03:PS2M] at 0x60,0x64 irq 1,12
[    2.073601] serio: i8042 KBD port at 0x60,0x64 irq 1
[    2.081272] serio: i8042 AUX port at 0x60,0x64 irq 12
[    2.089965] mousedev: PS/2 mouse device common for all mice
[    2.101625] input: AT Translated Set 2 keyboard as /devices/platform/i8042/serio0/input/input2
[    2.102691] rtc_cmos rtc_cmos: rtc core: registered rtc_cmos as rtc0
[    2.124842] rtc_cmos rtc_cmos: alarms up to one day, 114 bytes nvram
[    2.133607] i2c /dev entries driver
[    2.139500] device-mapper: uevent: version 1.0.3
[    2.146951] device-mapper: ioctl: 4.37.0-ioctl (2017-09-20) initialised: dm-devel@redhat.com
[    2.159548] ledtrig-cpu: registered to indicate activity on CPUs
[    2.235587] NET: Registered protocol family 10
[    2.257838] Segment Routing with IPv6
[    2.262997] NET: Registered protocol family 17
[    2.270671] Key type dns_resolver registered
[    2.278434] mce: Using 0 MCE banks
[    2.284197] RAS: Correctable Errors collector initialized.
[    2.291563] sched_clock: Marking stable (2291503118, 0)->(3604380546, -1312877428)
[    2.305772] registered taskstats version 1
[    2.312282] Loading compiled-in X.509 certificates
[    2.326996] Loaded X.509 cert 'Build time autogenerated kernel key: 449f52b446813ee48ad446aa51a5377584e80c28'
[    2.342046] Loaded X.509 cert 'Canonical Ltd. Live Patch Signing: 14df34d1a87cf37625abec039ef2bf521249b969'
[    2.356476] Loaded X.509 cert 'Canonical Ltd. Kernel Module Signing: 88f752e560a1e0737e31163a466ad7b70a850c19'
[    2.370229] blacklist: Loading compiled-in revocation X.509 certificates
[    2.380431] Loaded X.509 cert 'Canonical Ltd. Secure Boot Signing: 61482aa2830d0ab2ad5af10b7250da9033ddcef0'
[    2.410095] Loaded X.509 cert 'Canonical Ltd. Secure Boot Signing (2017): 242ade75ac4a15e50d50c84b0d45ff3eae707a03'
[    2.423562] Loaded X.509 cert 'Canonical Ltd. Secure Boot Signing (ESM 2018): 365188c1d374d6b07c3c8f240f8ef722433d6a8b'
[    2.437133] Loaded X.509 cert 'Canonical Ltd. Secure Boot Signing (2019): c0746fd6c5da3ae827864651ad66ae47fe24b3e8'
[    2.452272] Loaded X.509 cert 'Canonical Ltd. Secure Boot Signing (2021 v1): a8d54bbb3825cfb94fa13c9f8a594a195c107b8d'
[    2.466938] Loaded X.509 cert 'Canonical Ltd. Secure Boot Signing (2021 v2): 4cf046892d6fd3c9a5b03f98d845f90851dc6a8c'
[    2.481122] Loaded X.509 cert 'Canonical Ltd. Secure Boot Signing (2021 v3): 100437bb6de6e469b581e61cd66bce3ef4ed53af'
[    2.495032] Loaded X.509 cert 'Canonical Ltd. Secure Boot Signing (Ubuntu Core 2019): c1d57b8f6b743f23ee41f4f7ee292f06eecadfb9'
[    2.510173] zswap: loaded using pool lzo/zbud
[    2.531320] Key type big_key registered
[    2.536807] Key type trusted registered
[    2.548304] Key type encrypted registered
[    2.553686] AppArmor: AppArmor sha1 policy hashing enabled
[    2.560759] ima: No TPM chip found, activating TPM-bypass! (rc=-19)
[    2.569685] ima: Allocated hash algorithm: sha1
[    2.576242] evm: HMAC attrs: 0x1
[    2.581723]   Magic number: 11:877:765
[    2.587840] rtc_cmos rtc_cmos: setting system clock to 2023-02-18 03:47:31 UTC (1676692051)
[    2.599113] BIOS EDD facility v0.16 2004-Jun-25, 0 devices found
[    2.606997] EDD information not available.
[    2.623589] Freeing unused kernel image memory: 2480K
[    3.053118] Write protecting the kernel read-only data: 20480k
[    3.092601] Freeing unused kernel image memory: 2008K
[    3.108291] Freeing unused kernel image memory: 1820K
[    3.123623] x86/mm: Checked W+X mappings: passed, no W+X pages found.
[    3.132097] x86/mm: Checking user space page tables
[    3.144623] x86/mm: Checked W+X mappings: passed, no W+X pages found.
Loading, please wait...
starting version 237
[    3.306875] e1000: Intel(R) PRO/1000 Network Driver - version 7.3.21-k8-NAPI
[    3.316964] e1000: Copyright (c) 1999-2006 Intel Corporation.
[    3.329216] Fusion MPT base driver 3.04.20
[    3.336641] Copyright (c) 1999-2008 LSI Corporation
[    3.382886] SSE version of gcm_enc/dec engaged.
[    3.418059] Fusion MPT SPI Host driver 3.04.20
[    4.116473] input: ImExPS/2 Generic Explorer Mouse as /devices/platform/i8042/serio1/input/input4
[    4.278454] e1000 0000:00:03.0 eth0: (PCI:33MHz:32-bit) 02:1d:71:e8:cf:d1
[    4.288334] e1000 0000:00:03.0 eth0: Intel(R) PRO/1000 Network Connection
[    4.301300] mptbase: ioc0: Initiating bringup
[    4.424273] ioc0: LSI53C1030 A0: Capabilities={Initiator}
[    4.704931] scsi host2: ioc0: LSI53C1030 A0, FwRev=00000000h, Ports=1, MaxQ=256, IRQ=20
[    4.896638] scsi 2:0:0:0: Direct-Access     VBOX     HARDDISK         1.0  PQ: 0 ANSI: 5
[    5.580608] scsi target2:0:0: Beginning Domain Validation
[    5.708625] scsi target2:0:0: Domain Validation skipping write tests
[    5.717100] scsi target2:0:0: Ending Domain Validation
[    5.725391] scsi target2:0:0: asynchronous
[    5.736976] scsi 2:0:1:0: Direct-Access     VBOX     HARDDISK         1.0  PQ: 0 ANSI: 5
[    5.881823] scsi target2:0:1: Beginning Domain Validation
[    5.898131] scsi target2:0:1: Domain Validation skipping write tests
[    5.906686] scsi target2:0:1: Ending Domain Validation
[    5.914222] scsi target2:0:1: asynchronous
[    5.937244] sd 2:0:0:0: [sda] 83886080 512-byte logical blocks: (42.9 GB/40.0 GiB)
[    5.948101] sd 2:0:0:0: Attached scsi generic sg0 type 0
[    5.956458] sd 2:0:0:0: [sda] Write Protect is off
[    5.965879] sd 2:0:1:0: [sdb] 20480 512-byte logical blocks: (10.5 MB/10.0 MiB)
[    5.975681] sd 2:0:1:0: Attached scsi generic sg1 type 0
[    5.982800] sd 2:0:1:0: [sdb] Write Protect is off
[    5.988888] sd 2:0:0:0: [sda] Incomplete mode parameter data
[    5.995856] sd 2:0:0:0: [sda] Assuming drive cache: write through
[    6.004566] sd 2:0:1:0: [sdb] Incomplete mode parameter data
[    6.011625] sd 2:0:1:0: [sdb] Assuming drive cache: write through
[    6.061953]  sda: sda1
[    6.089376] sd 2:0:0:0: [sda] Attached SCSI disk
[    6.098884] e1000 0000:00:08.0 eth1: (PCI:33MHz:32-bit) 08:00:27:ee:77:65
[    6.109329] e1000 0000:00:08.0 eth1: Intel(R) PRO/1000 Network Connection
[    6.125508] sd 2:0:1:0: [sdb] Attached SCSI disk
[    6.137561] e1000 0000:00:08.0 enp0s8: renamed from eth1
[    6.161417] e1000 0000:00:03.0 enp0s3: renamed from eth0
Begin: Loading essential drivers ... [    8.868784] raid6: sse2x1   gen()  9194 MB/s
[    8.920659] raid6: sse2x1   xor()  6969 MB/s
[    8.972318] raid6: sse2x2   gen() 11518 MB/s
[    9.024141] raid6: sse2x2   xor()  7426 MB/s
[    9.076136] raid6: sse2x4   gen() 13521 MB/s
[    9.128588] raid6: sse2x4   xor()  8160 MB/s
[    9.135117] raid6: using algorithm sse2x4 gen() 13521 MB/s
[    9.143168] raid6: .... xor() 8160 MB/s, rmw enabled
[    9.150080] raid6: using ssse3x2 recovery algorithm
[    9.159301] xor: measuring software checksum speed
[   14.202279]    prefetch64-sse: -460666.-296 MB/sec
[   16.220385]    generic_sse: 49026.000 MB/sec
[   16.227479] xor: using function: generic_sse (49026.000 MB/sec)
[   16.240235] async_tx: api initialized (async)
done.
Begin: Running /scripts/init-premount ... done.
Begin: Mounting root file system ... Begin: Running /scripts/local-top ... done.
Begin: Running /scripts/local-premount ... [   16.339734] Btrfs loaded, crc32c=crc32c-intel
Scanning for Btrfs filesystems
done.
Warning: fsck not present, so skipping root file system
[   16.534110] EXT4-fs (sda1): mounted filesystem with ordered data mode. Opts: (null)
done.
Begin: Running /scripts/local-bottom ... done.
Begin: Running /scripts/init-bottom ... done.
[   17.615397] ip_tables: (C) 2000-2006 Netfilter Core Team
[   17.717517] systemd[1]: systemd 237 running in system mode. (+PAM +AUDIT +SELINUX +IMA +APPARMOR +SMACK +SYSVINIT +UTMP +LIBCRYPTSETUP +GCRYPT +GNUTLS +ACL +XZ +LZ4 +SECCOMP +BLKID +ELFUTILS +KMOD -IDN2 +IDN -PCRE2 default-hierarchy=hybrid)
[   17.746710] systemd[1]: Detected virtualization oracle.
[   17.755209] systemd[1]: Detected architecture x86-64.

Welcome to [1mUbuntu 18.04.6 LTS[0m!

[   17.846224] systemd[1]: Set hostname to <dockerserver>.
[   19.747491] systemd[1]: Set up automount Arbitrary Executable File Formats File System Automount Point.
[[0;32m  OK  [0m] Set up automount Arbitrary Executabâ€¦rmats File System Automount Point.
[   19.770780] systemd[1]: Started Forward Password Requests to Wall Directory Watch.
[[0;32m  OK  [0m] Started Forward Password Requests to Wall Directory Watch.
[   19.790373] systemd[1]: Reached target Swap.
[[0;32m  OK  [0m] Reached target Swap.
[   19.821400] systemd[1]: Created slice System Slice.
[[0;32m  OK  [0m] Created slice System Slice.
[   19.837043] systemd[1]: Listening on Device-mapper event daemon FIFOs.
[[0;32m  OK  [0m] Listening on Device-mapper event daemon FIFOs.
[   19.854793] systemd[1]: Listening on udev Control Socket.
[[0;32m  OK  [0m] Listening on udev Control Socket.
[[0;32m  OK  [0m] Listening on LVM2 poll daemon socket.
[[0;32m  OK  [0m] Created slice system-serial\x2dgetty.slice.
[[0;32m  OK  [0m] Listening on Network Service Netlink Socket.
[[0;32m  OK  [0m] Listening on udev Kernel Socket.
[[0;32m  OK  [0m] Listening on fsck to fsckd communication Socket.
[[0;32m  OK  [0m] Reached target Mounting snaps.
[[0;32m  OK  [0m] Reached target Mounted snaps.
[[0;32m  OK  [0m] Created slice User and Session Slice.
[[0;32m  OK  [0m] Listening on Syslog Socket.
[[0;32m  OK  [0m] Listening on Journal Socket.
         Mounting Kernel Debug File System...
         Starting Load Kernel Modules...
         Starting Create list of required stâ€¦ce nodes for the current kernel...
         Mounting Huge Pages File System...
         Starting Uncomplicated firewall...
         Mounting POSIX Message Queue File System...
         Starting Set the console keyboard layout...
         Starting udev Coldplug all Devices...
[[0;32m  OK  [0m] Listening on Journal Audit Socket.
[[0;32m  OK  [0m] Listening on Journal Socket (/dev/log).
         Starting Journal Service...
[[0;32m  OK  [0m] Listening on LVM2 metadata daemon socket.
[   20.063064] Loading iSCSI transport class v2.0-870.
         Starting Monitoring of LVM2 mirrorsâ€¦ng dmeventd or progress polling...
[[0;32m  OK  [0m] Listening on /dev/initctl Compatibility Named Pipe.
[[0;32m  OK  [0m] Reached target User and Group Name Lookups.
         Starting File System Check on Root Device...
[[0;32m  OK  [0m] Reached target System Time Synchronized.
[[0;32m  OK  [0m] Reached target Slices.
[   20.238279] iscsi: registered transport (tcp)
[[0;32m  OK  [0m] Mounted Kernel Debug File System.
[[0;32m  OK  [0m] Started Create list of required staâ€¦vice nodes for the current kernel.
[[0;32m  OK  [0m] Mounted Huge Pages File System.
[[0;32m  OK  [0m] Mounted POSIX Message Queue File System.
         Starting Create Static Device Nodes in /dev...
[[0;32m  OK  [0m] Started Uncomplicated firewall.
[[0;32m  OK  [0m] Started File System Check Daemon to report status.
[[0;32m  OK  [0m] Started udev Coldplug all Devices.
[[0;32m  OK  [0m] Started File System Check on Root Device.
         Starting Remount Root and Kernel File Systems...
[[0;32m  OK  [0m] Started Journal Service.
[[0;32m  OK  [0m] Started Set the console keyboard layout.
[[0;32m  OK  [0m] Started LVM2 metadata daemon.
[   20.790204] iscsi: registered transport (iser)
[   20.797386] EXT4-fs (sda1): re-mounted. Opts: (null)
[[0;32m  OK  [0m] Started Remount Root and Kernel File Systems.
         Starting Load/Save Random Seed...
         Starting Flush Journal to Persistent Storage...
[[0;32m  OK  [0m] Started Load Kernel Modules.
         Mounting Kernel Configuration File System...
         Mounting FUSE Control File System...
         Starting Apply Kernel Variables...
[[0;32m  OK  [0m] Started Create Static Device Nodes in /dev.
[[0;32m  OK  [0m] Mounted Kernel Configuration File System.
[[0;32m  OK  [0m] Mounted FUSE Control File System.
         Starting udev Kernel Device Manager...
[[0;32m  OK  [0m] Started Load/Save Random Seed.
[   20.999450] systemd-journald[408]: Received request to flush runtime journal from PID 1
[[0;32m  OK  [0m] Started Monitoring of LVM2 mirrors,â€¦sing dmeventd or progress polling.
[[0;32m  OK  [0m] Reached target Local File Systems (Pre).
[[0;32m  OK  [0m] Reached target Local File Systems.
         Starting AppArmor initialization...
         Starting Set console font and keymap...
         Starting Tell Plymouth To Write Out Runtime Data...
         Starting ebtables ruleset management...
[[0;32m  OK  [0m] Started Apply Kernel Variables.
[[0;32m  OK  [0m] Started Set console font and keymap.
[[0;32m  OK  [0m] Started Tell Plymouth To Write Out Runtime Data.
[[0;32m  OK  [0m] Started udev Kernel Device Manager.
[[0;32m  OK  [0m] Started Dispatch Password Requests to Console Directory Watch.
[[0;32m  OK  [0m] Reached target Local Encrypted Volumes.
[[0;32m  OK  [0m] Started Flush Journal to Persistent Storage.
[[0;32m  OK  [0m] Found device /dev/ttyS0.
         Starting Create Volatile Files and Directories...
[[0;32m  OK  [0m] Started ebtables ruleset management.
[[0;32m  OK  [0m] Started Create Volatile Files and Directories.
         Starting Update UTMP about System Boot/Shutdown...
[[0;32m  OK  [0m] Started Update UTMP about System Boot/Shutdown.
[[0;32m  OK  [0m] Listening on Load/Save RF Kill Switch Status /dev/rfkill Watch.
[[0;32m  OK  [0m] Started AppArmor initialization.
         Starting Load AppArmor profiles managed internally by snapd...
         Starting Initial cloud-init job (pre-networking)...
         Mounting Arbitrary Executable File Formats File System...
[[0;32m  OK  [0m] Mounted Arbitrary Executable File Formats File System.
[[0;32m  OK  [0m] Started Load AppArmor profiles managed internally by snapd.
[   30.798299] cloud-init[576]: Cloud-init v. 22.4.2-0ubuntu0~18.04.1 running 'init-local' at Sat, 18 Feb 2023 03:47:59 +0000. Up 30.38 seconds.
[[0;32m  OK  [0m] Started Initial cloud-init job (pre-networking).
[[0;32m  OK  [0m] Reached target Network (Pre).
         Starting Network Service...
[[0;32m  OK  [0m] Started Network Service.
         Starting Network Name Resolution...
         Starting Wait for Network to be Configured...
[[0;32m  OK  [0m] Started Network Name Resolution.
[[0;32m  OK  [0m] Reached target Host and Network Name Lookups.
[[0;32m  OK  [0m] Reached target Network.
[[0;32m  OK  [0m] Started Wait for Network to be Configured.
         Starting Initial cloud-init job (metadata service crawler)...
[   33.537900] cloud-init[697]: Cloud-init v. 22.4.2-0ubuntu0~18.04.1 running 'init' at Sat, 18 Feb 2023 03:48:02 +0000. Up 33.21 seconds.
[   33.549230] cloud-init[697]: ci-info: ++++++++++++++++++++++++++++++++++++++Net device info+++++++++++++++++++++++++++++++++++++++
[   33.559830] cloud-init[697]: ci-info: +--------+------+-----------------------------+---------------+--------+-------------------+
[   33.573268] cloud-init[697]: ci-info: | Device |  Up  |           Address           |      Mask     | Scope  |     Hw-Address    |
[   33.585185] cloud-init[697]: ci-info: +--------+------+-----------------------------+---------------+--------+-------------------+
[   33.598572] cloud-init[697]: ci-info: | enp0s3 | True |          10.0.2.15          | 255.255.255.0 | global | 02:1d:71:e8:cf:d1 |
[   33.609825] cloud-init[697]: ci-info: | enp0s3 | True |  fe80::1d:71ff:fee8:cfd1/64 |       .       |  link  | 02:1d:71:e8:cf:d1 |
[   33.621409] cloud-init[697]: ci-info: | enp0s8 | True |        192.168.33.60        | 255.255.255.0 | global | 08:00:27:ee:77:65 |
[   33.633474] cloud-init[697]: ci-info: | enp0s8 | True | fe80::a00:27ff:feee:7765/64 |       .       |  link  | 08:00:27:ee:77:65 |
[   33.644989] cloud-init[697]: ci-info: |   lo   | True |          127.0.0.1          |   255.0.0.0   |  host  |         .         |
[   33.655664] cloud-init[697]: ci-info: |   lo   | True |           ::1/128           |       .       |  host  |         .         |
[   33.666294] cloud-init[697]: ci-info: +--------+------+-----------------------------+---------------+--------+-------------------+
[   33.677265] cloud-init[697]: ci-info: +++++++++++++++++++++++++++++Route IPv4 info+++++++++++++++++++++++++++++
[   33.687205] cloud-init[697]: ci-info: +-------+--------------+----------+-----------------+-----------+-------+
[   33.698228] cloud-init[697]: ci-info: | Route | Destination  | Gateway  |     Genmask     | Interface | Flags |
[   33.708220] cloud-init[697]: ci-info: +-------+--------------+----------+-----------------+-----------+-------+
[   33.719563] cloud-init[697]: ci-info: |   0   |   0.0.0.0    | 10.0.2.2 |     0.0.0.0     |   enp0s3  |   UG  |
[   33.730215] cloud-init[697]: ci-info: |   1   |   10.0.2.0   | 0.0.0.0  |  255.255.255.0  |   enp0s3  |   U   |
[   33.741804] cloud-init[697]: ci-info: |   2   |   10.0.2.2   | 0.0.0.0  | 255.255.255.255 |   enp0s3  |   UH  |
[   33.751782] cloud-init[697]: ci-info: |   3   | 192.168.33.0 | 0.0.0.0  |  255.255.255.0  |   enp0s8  |   U   |
[   33.763863] cloud-init[697]: ci-info: +-------+--------------+----------+-----------------+-----------+-------+
[   33.775674] cloud-init[697]: ci-info: +++++++++++++++++++Route IPv6 info+++++++++++++++++++
[   33.786423] cloud-init[697]: ci-info: +-------+-------------+---------+-----------+-------+
[   33.795275] cloud-init[697]: ci-info: | Route | Destination | Gateway | Interface | Flags |
[   33.805002] cloud-init[697]: ci-info: +-------+-------------+---------+-----------+-------+
[   33.814832] cloud-init[697]: ci-info: |   1   |  fe80::/64  |    ::   |   enp0s8  |   U   |
[   33.824940] cloud-init[697]: ci-info: |   2   |  fe80::/64  |    ::   |   enp0s3  |   U   |
[   33.835578] cloud-init[697]: ci-info: |   4   |    local    |    ::   |   enp0s3  |   U   |
[   33.845705] cloud-init[697]: ci-info: |   5   |    local    |    ::   |   enp0s8  |   U   |
[   33.855494] cloud-init[697]: ci-info: |   6   |   ff00::/8  |    ::   |   enp0s8  |   U   |
[   33.865150] cloud-init[697]: ci-info: |   7   |   ff00::/8  |    ::   |   enp0s3  |   U   |
[   33.874980] cloud-init[697]: ci-info: +-------+-------------+---------+-----------+-------+
[[0;32m  OK  [0m] Started Initial cloud-init job (metadata service crawler).
[[0;32m  OK  [0m] Reached target Cloud-config availability.
[[0;32m  OK  [0m] Reached target Network is Online.
         Starting Availability of block devices...
[[0;32m  OK  [0m] Reached target Remote File Systems (Pre).
         Mounting /vagrant...
[[0;32m  OK  [0m] Reached target System Initialization.
[[0;32m  OK  [0m] Listening on D-Bus System Message Bus Socket.
         Starting LXD - unix socket.
[[0;32m  OK  [0m] Listening on Open-iSCSI iscsid Socket.
[[0;32m  OK  [0m] Started Ubuntu Advantage Timer for running repeated jobs.
[[0;32m  OK  [0m] Listening on UUID daemon activation socket.
[[0;32m  OK  [0m] Started Discard unused blocks once a week.
[[0;32m  OK  [0m] Started ACPI Events Check.
[[0;32m  OK  [0m] Reached target Paths.
         Starting Socket activation for snappy daemon.
[[0;32m  OK  [0m] Listening on cloud-init hotplug hook socket.
[[0;32m  OK  [0m] Started Message of the Day.
         Starting Docker Socket for the API.
[[0;32m  OK  [0m] Listening on ACPID Listen Socket.
[[0;32m  OK  [0m] Started Daily Cleanup of Temporary Directories.
[[0;32m  OK  [0m] Started Daily apt download activities.
[[0;32m  OK  [0m] Started Daily apt upgrade and clean activities.
[[0;32m  OK  [0m] Reached target Timers.
[[0;32m  OK  [0m] Started Availability of block devices.
[[0;32m  OK  [0m] Listening on LXD - unix socket.
[[0;32m  OK  [0m] Listening on Socket activation for snappy daemon.
[[0;32m  OK  [0m] Listening on Docker Socket for the API.
[[0;32m  OK  [0m] Reached target Sockets.
[[0;32m  OK  [0m] Reached target Basic System.
         Starting containerd container runtime...
         Starting Dispatcher daemon for systemd-networkd...
         Starting Accounts Service...
[[0;32m  OK  [0m] Reached target Login Prompts (Pre).
         Starting LSB: Record successful boot for GRUB...
         Starting OpenBSD Secure Shell server...
[[0;32m  OK  [0m] Started FUSE filesystem for LXC.
[[0;32m  OK  [0m] Started D-Bus System Message Bus.
[[0;32m  OK  [0m] Started Deferred execution scheduler.
[[0;32m  OK  [0m] Started Regular background program processing daemon.
         Starting Login Service...
         Starting Snap Daemon...
[[0;32m  OK  [0m] Started irqbalance daemon.
         Starting Virtualbox guest utils...
         Starting System Logging Service...
         Starting LXD - container startup/shutdown...
[[0;32m  OK  [0m] Started Dispatcher daemon for systemd-networkd.
[[0;32m  OK  [0m] Mounted /vagrant.
[[0;32m  OK  [0m] Started OpenBSD Secure Shell server.
[[0;32m  OK  [0m] Started System Logging Service.
[[0;32m  OK  [0m] Started Login Service.
[[0;32m  OK  [0m] Started Unattended Upgrades Shutdown.
         Starting Authorization Manager...
[[0;32m  OK  [0m] Reached target Remote File Systems.
         Starting LSB: automatic crash report generation...
         Starting The Apache HTTP Server...
         Starting Permit User Sessions...
[[0;32m  OK  [0m] Started Permit User Sessions.
         Starting Terminate Plymouth Boot Screen...
         Starting Hold until boot process finishes up...
[[0;32m  OK  [0m] Started Terminate Plymouth Boot Screen.
[[0;32m  OK  [0m] Started Hold until boot process finishes up.
[[0;32m  OK  [0m] Started Serial Getty on ttyS0.
         Starting Set console scheme...
[[0;32m  OK  [0m] Started Set console scheme.
[[0;32m  OK  [0m] Created slice system-getty.slice.
[[0;32m  OK  [0m] Started Getty on tty1.
[[0;32m  OK  [0m] Reached target Login Prompts.
[[0;32m  OK  [0m] Started Authorization Manager.
[[0;32m  OK  [0m] Started Accounts Service.
[[0;32m  OK  [0m] Started LSB: automatic crash report generation.
[[0;32m  OK  [0m] Started LSB: Record successful boot for GRUB.
[[0;32m  OK  [0m] Started Virtualbox guest utils.
[[0;32m  OK  [0m] Created slice User Slice of vagrant.
         Starting User Manager for UID 1000...
[[0;32m  OK  [0m] Started Session 1 of user vagrant.
[[0;32m  OK  [0m] Started The Apache HTTP Server.
[[0;32m  OK  [0m] Started User Manager for UID 1000.

Ubuntu 18.04.6 LTS dockerserver ttyS0

dockerserver login: [   47.143933] cloud-init[1444]: Cloud-init v. 22.4.2-0ubuntu0~18.04.1 running 'modules:config' at Sat, 18 Feb 2023 03:48:15 +0000. Up 46.78 seconds.
[   55.074323] cloud-init[2042]: Cloud-init v. 22.4.2-0ubuntu0~18.04.1 running 'modules:final' at Sat, 18 Feb 2023 03:48:23 +0000. Up 54.75 seconds.
[   55.075030] cloud-init[2042]: Cloud-init v. 22.4.2-0ubuntu0~18.04.1 finished at Sat, 18 Feb 2023 03:48:23 +0000. Datasource DataSourceNoCloud [seed=/dev/sdb][dsmode=net].  Up 55.04 seconds
[[0;32m  OK  [0m] Stopped Unattended Upgrades Shutdown.
         Stopping User Manager for UID 1000...
[[0;32m  OK  [0m] Stopped target Timers.
[[0;32m  OK  [0m] Stopped Discard unused blocks once a week.
[[0;32m  OK  [0m] Stopped Ubuntu Advantage Timer for running repeated jobs.
[[0;32m  OK  [0m] Stopped Daily apt upgrade and clean activities.
[[0;32m  OK  [0m] Stopped Daily apt download activities.
         Stopping Authorization Manager...
[[0;32m  OK  [0m] Stopped Daily Cleanup of Temporary Directories.
[[0;32m  OK  [0m] Stopped Message of the Day.
[[0;32m  OK  [0m] Stopped target System Time Synchronized.
[[0;32m  OK  [0m] Stopped target Cloud-init target.
[[0;32m  OK  [0m] Stopped Execute cloud user/final scripts.
[[0;32m  OK  [0m] Stopped Apply the settings specified in cloud-config.
[[0;32m  OK  [0m] Stopped target Cloud-config availability.
[[0;32m  OK  [0m] Closed Load/Save RF Kill Switch Status /dev/rfkill Watch.
[[0;32m  OK  [0m] Stopped target Graphical Interface.
[[0;32m  OK  [0m] Stopped target Multi-User System.
         Stopping The Apache HTTP Server...
         Stopping D-Bus System Message Bus...
         Stopping LSB: automatic crash report generation...
         Stopping FUSE filesystem for LXC...
         Stopping Dispatcher daemon for systemd-networkd...
         Stopping Virtualbox guest utils...
         Stopping irqbalance daemon...
         Stopping Deferred execution scheduler...
[[0;32m  OK  [0m] Stopped Wait until snapd is fully seeded.
         Stopping LXD - container startup/shutdown...
[[0;32m  OK  [0m] Stopped target Login Prompts.
         Stopping Serial Getty on ttyS0...
         Stopping Getty on tty1...
         Stopping Regular background program processing daemon...
         Stopping System Logging Service...
         Stopping Docker Application Container Engine...
         Stopping Session 26 of user vagrant.
         Stopping LSB: Record successful boot for GRUB...
         Stopping Availability of block devices...
         Stopping Accounts Service...
         Stopping OpenBSD Secure Shell server...
[[0;32m  OK  [0m] Unmounted /var/lib/lxcfs.
[[0;32m  OK  [0m] Stopped Dispatcher daemon for systemd-networkd.
[[0;32m  OK  [0m] Stopped Deferred execution scheduler.
[[0;32m  OK  [0m] Stopped Regular background program processing daemon.
[[0;32m  OK  [0m] Stopped irqbalance daemon.
[[0;32m  OK  [0m] Stopped OpenBSD Secure Shell server.
[[0;32m  OK  [0m] Stopped Authorization Manager.
[[0;32m  OK  [0m] Stopped Serial Getty on ttyS0.
[[0;32m  OK  [0m] Stopped Accounts Service.
[[0;32m  OK  [0m] Stopped Getty on tty1.
[[0;32m  OK  [0m] Stopped System Logging Service.
[[0;32m  OK  [0m] Stopped Docker Application Container Engine.
[[0;32m  OK  [0m] Stopped User Manager for UID 1000.
[[0;32m  OK  [0m] Stopped D-Bus System Message Bus.
[[0;32m  OK  [0m] Stopped Session 26 of user vagrant.
[[0;32m  OK  [0m] Removed slice User Slice of vagrant.
         Stopping Login Service...
         Stopping containerd container runtime...
[[0;32m  OK  [0m] Removed slice system-getty.slice.
         Stopping Permit User Sessions...
[[0;32m  OK  [0m] Stopped target Login Prompts (Pre).
[[0;32m  OK  [0m] Removed slice system-serial\x2dgetty.slice.
[[0;32m  OK  [0m] Stopped LXD - container startup/shutdown.
[[0;32m  OK  [0m] Stopped containerd container runtime.
[[0;32m  OK  [0m] Stopped LSB: Record successful boot for GRUB.
[[0;32m  OK  [0m] Stopped FUSE filesystem for LXC.
[[0;32m  OK  [0m] Stopped Permit User Sessions.
[[0;32m  OK  [0m] Stopped LSB: automatic crash report generation.
[[0;32m  OK  [0m] Stopped Availability of block devices.
[[0;32m  OK  [0m] Stopped Login Service.
[[0;32m  OK  [0m] Stopped target User and Group Name Lookups.
[[0;32m  OK  [0m] Stopped Virtualbox guest utils.
[[0;32m  OK  [0m] Stopped The Apache HTTP Server.
[[0;32m  OK  [0m] Stopped target Remote File Systems.
         Unmounting /vagrant...
[[0;32m  OK  [0m] Stopped target Basic System.
[[0;32m  OK  [0m] Stopped target Slices.
[[0;32m  OK  [0m] Removed slice User and Session Slice.
[[0;32m  OK  [0m] Stopped target Sockets.
[[0;32m  OK  [0m] Closed cloud-init hotplug hook socket.
[[0;32m  OK  [0m] Closed Socket activation for snappy daemon.
[[0;32m  OK  [0m] Closed Docker Socket for the API.
[[0;32m  OK  [0m] Closed ACPID Listen Socket.
[[0;32m  OK  [0m] Closed UUID daemon activation socket.
[[0;32m  OK  [0m] Closed Syslog Socket.
[[0;32m  OK  [0m] Closed LXD - unix socket.
[[0;32m  OK  [0m] Closed Open-iSCSI iscsid Socket.
[[0;32m  OK  [0m] Closed D-Bus System Message Bus Socket.
[[0;32m  OK  [0m] Stopped target Paths.
[[0;32m  OK  [0m] Stopped ACPI Events Check.
[[0;32m  OK  [0m] Stopped target System Initialization.
         Stopping Load/Save Random Seed...
         Stopping Update UTMP about System Boot/Shutdown...
[[0;32m  OK  [0m] Stopped target Local Encrypted Volumes.
[[0;32m  OK  [0m] Stopped Forward Password Requests to Wall Directory Watch.
[[0;32m  OK  [0m] Stopped Dispatch Password Requests to Console Directory Watch.
[[0;32m  OK  [0m] Stopped target Host and Network Name Lookups.
[[0;32m  OK  [0m] Stopped Load/Save Random Seed.
[[0;32m  OK  [0m] Stopped Update UTMP about System Boot/Shutdown.
[[0;32m  OK  [0m] Unmounted /vagrant.
[[0;32m  OK  [0m] Stopped target Network is Online.
[[0;32m  OK  [0m] Stopped Initial cloud-init job (metadata service crawler).
[[0;32m  OK  [0m] Stopped target Network.
         Stopping Network Name Resolution...
[[0;32m  OK  [0m] Stopped target Remote File Systems (Pre).
[[0;32m  OK  [0m] Stopped Network Name Resolution.
[[0;32m  OK  [0m] Stopped Create Volatile Files and Directories.
[[0;32m  OK  [0m] Stopped target Local File Systems.
         Unmounting /run/user/1000...
[[0;32m  OK  [0m] Stopped target Mounted snaps.
[[0;32m  OK  [0m] Stopped target Mounting snaps.
         Stopping Network Service...
[[0;32m  OK  [0m] Unmounted /run/user/1000.
[[0;32m  OK  [0m] Reached target Unmount All Filesystems.
[[0;32m  OK  [0m] Stopped target Local File Systems (Pre).
[[0;32m  OK  [0m] Stopped Create Static Device Nodes in /dev.
         Stopping Monitoring of LVM2 mirrorsâ€¦ng dmeventd or progress polling...
[[0;32m  OK  [0m] Stopped target Swap.
[[0;32m  OK  [0m] Stopped Monitoring of LVM2 mirrors,â€¦sing dmeventd or progress polling.
         Stopping LVM2 metadata daemon...
[[0;32m  OK  [0m] Stopped LVM2 metadata daemon.
[[0;32m  OK  [0m] Stopped Network Service.
[[0;32m  OK  [0m] Stopped target Network (Pre).
[[0;32m  OK  [0m] Stopped Initial cloud-init job (pre-networking).
[[0;32m  OK  [0m] Stopped Remount Root and Kernel File Systems.
[[0;32m  OK  [0m] Stopped Apply Kernel Variables.
[[0;32m  OK  [0m] Stopped Load Kernel Modules.
[[0;32m  OK  [0m] Reached target Shutdown.
[[0;32m  OK  [0m] Reached target Final Step.
         Starting Power-Off...
[ 5423.067170] reboot: Power down
